// Jest Snapshot v1, https://goo.gl/fbAQLP

exports[`Modify page should rendered Modify page without crashed 1`] = `
<Fragment>
  <div
    className="form-group row"
  >
    <div
      className="col-md-2"
    >
      <Connect(Navigation) />
    </div>
    <div
      className="col-md-10"
    >
      <Connect(Modify) />
      <Footer
        footerClassName="footer inner"
      />
    </div>
  </div>
</Fragment>
`;
