// Jest Snapshot v1, https://goo.gl/fbAQLP

exports[` 1`] = `
<div
  className="sidebar pt-3"
>
  <div
    id="logo"
  />
  <h2
    className="d-flex justify-content-center welcomeMessage"
  >
    Hi! 
  </h2>
  <hr />
  <br />
  <nav
    className="navbar"
  >
    <ul>
      <li>
        <NavLink
          activeClassName="active"
          aria-current="page"
          className="p-2"
          to="products"
        >
          Home
        </NavLink>
      </li>
      <li>
        <NavLink
          activeClassName="active"
          aria-current="page"
          className="p-2"
          to="sales"
        >
          Sales
        </NavLink>
      </li>
      <li>
        <NavLink
          activeClassName="active"
          aria-current="page"
          className="p-2"
          to="profile"
        >
          Profile
        </NavLink>
      </li>
      <li>
        <NavLink
          activeClassName="active"
          aria-current="page"
          className="p-2"
          to="password"
        >
          Password
        </NavLink>
      </li>
      <li>
        <NavLink
          activeClassName="active"
          aria-current="page"
          className="p-2"
          onClick={[Function]}
          to=""
        >
          Logout
        </NavLink>
      </li>
    </ul>
  </nav>
</div>
`;

exports[`<NavigationPage /> should rendered NavBar without crashing 1`] = `
<div
  className="sidebar pt-3"
>
  <div
    id="logo"
  />
  <h2
    className="d-flex justify-content-center welcomeMessage"
  >
    Hi! 
  </h2>
  <hr />
  <br />
  <nav
    className="navbar"
  >
    <ul>
      <li>
        <NavLink
          activeClassName="active"
          aria-current="page"
          className="p-2"
          to="products"
        >
          Home
        </NavLink>
      </li>
      <li>
        <NavLink
          activeClassName="active"
          aria-current="page"
          className="p-2"
          to="sales"
        >
          Sales
        </NavLink>
      </li>
      <li>
        <NavLink
          activeClassName="active"
          aria-current="page"
          className="p-2"
          to="profile"
        >
          Profile
        </NavLink>
      </li>
      <li>
        <NavLink
          activeClassName="active"
          aria-current="page"
          className="p-2"
          to="password"
        >
          Password
        </NavLink>
      </li>
      <li>
        <NavLink
          activeClassName="active"
          aria-current="page"
          className="p-2"
          onClick={[Function]}
          to=""
        >
          Logout
        </NavLink>
      </li>
    </ul>
  </nav>
</div>
`;
