// Jest Snapshot v1, https://goo.gl/fbAQLP

exports[`<LoginForm /> should render login form 1`] = `
<form
  onSubmit={[Function]}
>
  <InputForm
    error=""
    label="Staff Id"
    name="staffId"
    onChange={[Function]}
    placeholder="Enter staff Id"
    text="StaffId"
    type="text"
    value=""
  />
  <InputForm
    error=""
    label="Password"
    name="password"
    onChange={[Function]}
    placeholder="Enter staff password"
    text="Password"
    type="password"
    value=""
  />
  <div
    className="d-flex flex-row-reverse"
  >
    <button
      className="btn btn-outline-primary login"
      disabled={false}
      onClick={[Function]}
      type="submit"
    >
      Login
    </button>
    <span
      className="d-flex align-items-center reset-password mt10"
    >
      Forget password?  
      <Link
        replace={false}
        to="/password"
      >
         Click here
      </Link>
    </span>
  </div>
</form>
`;
