// Jest Snapshot v1, https://goo.gl/fbAQLP

exports[`User component should rendered user component without crashing 1`] = `
<ContextProvider
  value={
    Object {
      "store": Object {
        "clearActions": [Function],
        "dispatch": [Function],
        "getActions": [Function],
        "getState": [Function],
        "replaceReducer": [Function],
        "subscribe": [Function],
      },
      "storeState": Object {
        "newUser": Object {
          "createStatus": false,
          "creatingUser": true,
        },
      },
    }
  }
>
  <Connect(User)
    newUser={
      Object {
        "createStatus": false,
        "creatingUser": true,
      }
    }
  />
</ContextProvider>
`;
